Γò¡ΓöÇ info ΓöÇΓöÇΓöÇΓöÇΓöÇΓöÇΓöÇΓöÇΓöÇΓöÇΓöÇΓöÇΓöÇΓöÇΓöÇΓöÇΓöÇΓöÇΓöÇΓöÇΓöÇΓöÇΓöÇΓöÇΓöÇΓöÇΓöÇΓöÇΓöÇΓöÇΓöÇΓöÇΓöÇΓöÇΓöÇΓöÇΓöÇΓöÇΓöÇΓöÇΓöÇΓöÇΓöÇΓöÇΓöÇΓöÇΓöÇΓöÇΓöÇΓöÇΓöÇΓöÇΓöÇΓöÇΓöÇΓöÇΓöÇΓöÇΓöÇΓöÇΓöÇΓöÇΓöÇΓöÇΓöÇΓöÇΓöÇΓöÇΓöÇΓöÇΓöÇΓò«
Γöé                                                                              Γöé
Γöé  Using .env for default values:                                              Γöé
Γöé                                                                              Γöé
Γöé    ΓÇó Org:             Data Hatches Tracking App                              Γöé
Γöé    ΓÇó App:             DH_New19                                               Γöé
Γöé                                                                              Γöé
Γöé   You can pass `--reset` to your command to reset your app configuration.    Γöé
Γöé                                                                              Γöé
Γò░ΓöÇΓöÇΓöÇΓöÇΓöÇΓöÇΓöÇΓöÇΓöÇΓöÇΓöÇΓöÇΓöÇΓöÇΓöÇΓöÇΓöÇΓöÇΓöÇΓöÇΓöÇΓöÇΓöÇΓöÇΓöÇΓöÇΓöÇΓöÇΓöÇΓöÇΓöÇΓöÇΓöÇΓöÇΓöÇΓöÇΓöÇΓöÇΓöÇΓöÇΓöÇΓöÇΓöÇΓöÇΓöÇΓöÇΓöÇΓöÇΓöÇΓöÇΓöÇΓöÇΓöÇΓöÇΓöÇΓöÇΓöÇΓöÇΓöÇΓöÇΓöÇΓöÇΓöÇΓöÇΓöÇΓöÇΓöÇΓöÇΓöÇΓöÇΓöÇΓöÇΓöÇΓöÇΓöÇΓöÇΓöÇΓöÇΓò»


Releasing a new app version as part of DH_New19

dh-tracking-pixel Γöé Bundling UI extension dh-tracking-pixel...

[2K[1A[2K[Gdh-tracking-pixel Γöé dh-tracking-pixel successfully built

ΓûüΓûüΓûéΓûéΓûâΓûâΓûäΓûäΓûàΓûàΓûåΓûåΓûçΓûçΓûêΓûêΓûçΓûçΓûåΓûåΓûàΓûàΓûäΓûäΓûâΓûâΓûéΓûéΓûüΓûüΓûüΓûüΓûéΓûéΓûâΓûâΓûäΓûäΓûàΓûàΓûåΓûåΓûçΓûçΓûêΓûêΓûçΓûçΓûåΓûåΓûàΓûàΓûäΓûäΓûâΓûâΓûéΓûéΓûüΓûüΓûüΓûüΓûéΓûéΓûâΓûâΓûäΓûäΓûàΓûàΓûåΓûåΓûçΓûçΓûêΓûêΓûçΓûçΓûåΓûå
ΓûàΓûàΓûäΓûäΓûâΓûâΓûéΓûéΓûüΓûü
Running validation ...
[2K[1A[2K[1A[2K[1A[2K[GΓûüΓûüΓûüΓûéΓûéΓûâΓûâΓûäΓûäΓûàΓûàΓûåΓûåΓûçΓûçΓûêΓûêΓûçΓûçΓûåΓûåΓûàΓûàΓûäΓûäΓûâΓûâΓûéΓûéΓûüΓûüΓûüΓûüΓûéΓûéΓûâΓûâΓûäΓûäΓûàΓûàΓûåΓûåΓûçΓûçΓûêΓûêΓûçΓûçΓûåΓûåΓûàΓûàΓûäΓûäΓûâΓûâΓûéΓûéΓûüΓûüΓûüΓûüΓûéΓûéΓûâΓûâΓûäΓûäΓûàΓûàΓûåΓûåΓûçΓûçΓûêΓûêΓûçΓûçΓûå
Releasing an app version ...
[2K[1A[2K[1A[2K[GΓûüΓûüΓûüΓûüΓûéΓûéΓûâΓûâΓûäΓûäΓûàΓûàΓûåΓûåΓûçΓûçΓûêΓûêΓûçΓûçΓûåΓûåΓûàΓûàΓûäΓûäΓûâΓûâΓûéΓûéΓûüΓûüΓûüΓûüΓûéΓûéΓûâΓûâΓûäΓûäΓûàΓûàΓûåΓûåΓûçΓûçΓûêΓûêΓûçΓûçΓûåΓûåΓûàΓûàΓûäΓûäΓûâΓûâΓûéΓûéΓûüΓûüΓûüΓûüΓûéΓûéΓûâΓûâΓûäΓûäΓûàΓûàΓûåΓûåΓûçΓûçΓûêΓûêΓûçΓûç
Releasing an app version ...
[2K[1A[2K[1A[2K[GΓûéΓûüΓûüΓûüΓûüΓûéΓûéΓûâΓûâΓûäΓûäΓûàΓûàΓûåΓûåΓûçΓûçΓûêΓûêΓûçΓûçΓûåΓûåΓûàΓûàΓûäΓûäΓûâΓûâΓûéΓûéΓûüΓûüΓûüΓûüΓûéΓûéΓûâΓûâΓûäΓûäΓûàΓûàΓûåΓûåΓûçΓûçΓûêΓûêΓûçΓûçΓûåΓûåΓûàΓûàΓûäΓûäΓûâΓûâΓûéΓûéΓûüΓûüΓûüΓûüΓûéΓûéΓûâΓûâΓûäΓûäΓûàΓûàΓûåΓûåΓûçΓûçΓûêΓûêΓûç
Releasing an app version ...
[2K[1A[2K[1A[2K[GΓûéΓûéΓûüΓûüΓûüΓûüΓûéΓûéΓûâΓûâΓûäΓûäΓûàΓûàΓûåΓûåΓûçΓûçΓûêΓûêΓûçΓûçΓûåΓûåΓûàΓûàΓûäΓûäΓûâΓûâΓûéΓûéΓûüΓûüΓûüΓûüΓûéΓûéΓûâΓûâΓûäΓûäΓûàΓûàΓûåΓûåΓûçΓûçΓûêΓûêΓûçΓûçΓûåΓûåΓûàΓûàΓûäΓûäΓûâΓûâΓûéΓûéΓûüΓûüΓûüΓûüΓûéΓûéΓûâΓûâΓûäΓûäΓûàΓûàΓûåΓûåΓûçΓûçΓûêΓûê
Releasing an app version ...
[2K[1A[2K[1A[2K[GΓûâΓûéΓûéΓûüΓûüΓûüΓûüΓûéΓûéΓûâΓûâΓûäΓûäΓûàΓûàΓûåΓûåΓûçΓûçΓûêΓûêΓûçΓûçΓûåΓûåΓûàΓûàΓûäΓûäΓûâΓûâΓûéΓûéΓûüΓûüΓûüΓûüΓûéΓûéΓûâΓûâΓûäΓûäΓûàΓûàΓûåΓûåΓûçΓûçΓûêΓûêΓûçΓûçΓûåΓûåΓûàΓûàΓûäΓûäΓûâΓûâΓûéΓûéΓûüΓûüΓûüΓûüΓûéΓûéΓûâΓûâΓûäΓûäΓûàΓûàΓûåΓûåΓûçΓûçΓûê
Releasing an app version ...
[2K[1A[2K[1A[2K[GΓûâΓûâΓûéΓûéΓûüΓûüΓûüΓûüΓûéΓûéΓûâΓûâΓûäΓûäΓûàΓûàΓûåΓûåΓûçΓûçΓûêΓûêΓûçΓûçΓûåΓûåΓûàΓûàΓûäΓûäΓûâΓûâΓûéΓûéΓûüΓûüΓûüΓûüΓûéΓûéΓûâΓûâΓûäΓûäΓûàΓûàΓûåΓûåΓûçΓûçΓûêΓûêΓûçΓûçΓûåΓûåΓûàΓûàΓûäΓûäΓûâΓûâΓûéΓûéΓûüΓûüΓûüΓûüΓûéΓûéΓûâΓûâΓûäΓûäΓûàΓûàΓûåΓûåΓûçΓûç
Releasing an app version ...
[2K[1A[2K[1A[2K[GΓûäΓûâΓûâΓûéΓûéΓûüΓûüΓûüΓûüΓûéΓûéΓûâΓûâΓûäΓûäΓûàΓûàΓûåΓûåΓûçΓûçΓûêΓûêΓûçΓûçΓûåΓûåΓûàΓûàΓûäΓûäΓûâΓûâΓûéΓûéΓûüΓûüΓûüΓûüΓûéΓûéΓûâΓûâΓûäΓûäΓûàΓûàΓûåΓûåΓûçΓûçΓûêΓûêΓûçΓûçΓûåΓûåΓûàΓûàΓûäΓûäΓûâΓûâΓûéΓûéΓûüΓûüΓûüΓûüΓûéΓûéΓûâΓûâΓûäΓûäΓûàΓûàΓûåΓûåΓûç
Releasing an app version ...
[2K[1A[2K[1A[2K[GΓûäΓûäΓûâΓûâΓûéΓûéΓûüΓûüΓûüΓûüΓûéΓûéΓûâΓûâΓûäΓûäΓûàΓûàΓûåΓûåΓûçΓûçΓûêΓûêΓûçΓûçΓûåΓûåΓûàΓûàΓûäΓûäΓûâΓûâΓûéΓûéΓûüΓûüΓûüΓûüΓûéΓûéΓûâΓûâΓûäΓûäΓûàΓûàΓûåΓûåΓûçΓûçΓûêΓûêΓûçΓûçΓûåΓûåΓûàΓûàΓûäΓûäΓûâΓûâΓûéΓûéΓûüΓûüΓûüΓûüΓûéΓûéΓûâΓûâΓûäΓûäΓûàΓûàΓûåΓûå
Releasing an app version ...
[2K[1A[2K[1A[2K[GΓûàΓûäΓûäΓûâΓûâΓûéΓûéΓûüΓûüΓûüΓûüΓûéΓûéΓûâΓûâΓûäΓûäΓûàΓûàΓûåΓûåΓûçΓûçΓûêΓûêΓûçΓûçΓûåΓûåΓûàΓûàΓûäΓûäΓûâΓûâΓûéΓûéΓûüΓûüΓûüΓûüΓûéΓûéΓûâΓûâΓûäΓûäΓûàΓûàΓûåΓûåΓûçΓûçΓûêΓûêΓûçΓûçΓûåΓûåΓûàΓûàΓûäΓûäΓûâΓûâΓûéΓûéΓûüΓûüΓûüΓûüΓûéΓûéΓûâΓûâΓûäΓûäΓûàΓûàΓûå
Releasing an app version ...
[2K[1A[2K[1A[2K[GΓûàΓûàΓûäΓûäΓûâΓûâΓûéΓûéΓûüΓûüΓûüΓûüΓûéΓûéΓûâΓûâΓûäΓûäΓûàΓûàΓûåΓûåΓûçΓûçΓûêΓûêΓûçΓûçΓûåΓûåΓûàΓûàΓûäΓûäΓûâΓûâΓûéΓûéΓûüΓûüΓûüΓûüΓûéΓûéΓûâΓûâΓûäΓûäΓûàΓûàΓûåΓûåΓûçΓûçΓûêΓûêΓûçΓûçΓûåΓûåΓûàΓûàΓûäΓûäΓûâΓûâΓûéΓûéΓûüΓûüΓûüΓûüΓûéΓûéΓûâΓûâΓûäΓûäΓûàΓûà
Releasing an app version ...
[2K[1A[2K[1A[2K[GΓûåΓûàΓûàΓûäΓûäΓûâΓûâΓûéΓûéΓûüΓûüΓûüΓûüΓûéΓûéΓûâΓûâΓûäΓûäΓûàΓûàΓûåΓûåΓûçΓûçΓûêΓûêΓûçΓûçΓûåΓûåΓûàΓûàΓûäΓûäΓûâΓûâΓûéΓûéΓûüΓûüΓûüΓûüΓûéΓûéΓûâΓûâΓûäΓûäΓûàΓûàΓûåΓûåΓûçΓûçΓûêΓûêΓûçΓûçΓûåΓûåΓûàΓûàΓûäΓûäΓûâΓûâΓûéΓûéΓûüΓûüΓûüΓûüΓûéΓûéΓûâΓûâΓûäΓûäΓûà
Releasing an app version ...
[2K[1A[2K[1A[2K[GΓûåΓûåΓûàΓûàΓûäΓûäΓûâΓûâΓûéΓûéΓûüΓûüΓûüΓûüΓûéΓûéΓûâΓûâΓûäΓûäΓûàΓûàΓûåΓûåΓûçΓûçΓûêΓûêΓûçΓûçΓûåΓûåΓûàΓûàΓûäΓûäΓûâΓûâΓûéΓûéΓûüΓûüΓûüΓûüΓûéΓûéΓûâΓûâΓûäΓûäΓûàΓûàΓûåΓûåΓûçΓûçΓûêΓûêΓûçΓûçΓûåΓûåΓûàΓûàΓûäΓûäΓûâΓûâΓûéΓûéΓûüΓûüΓûüΓûüΓûéΓûéΓûâΓûâΓûäΓûä
Releasing an app version ...
[2K[1A[2K[1A[2K[GΓûçΓûåΓûåΓûàΓûàΓûäΓûäΓûâΓûâΓûéΓûéΓûüΓûüΓûüΓûüΓûéΓûéΓûâΓûâΓûäΓûäΓûàΓûàΓûåΓûåΓûçΓûçΓûêΓûêΓûçΓûçΓûåΓûåΓûàΓûàΓûäΓûäΓûâΓûâΓûéΓûéΓûüΓûüΓûüΓûüΓûéΓûéΓûâΓûâΓûäΓûäΓûàΓûàΓûåΓûåΓûçΓûçΓûêΓûêΓûçΓûçΓûåΓûåΓûàΓûàΓûäΓûäΓûâΓûâΓûéΓûéΓûüΓûüΓûüΓûüΓûéΓûéΓûâΓûâΓûä
Releasing an app version ...
[2K[1A[2K[1A[2K[GΓûçΓûçΓûåΓûåΓûàΓûàΓûäΓûäΓûâΓûâΓûéΓûéΓûüΓûüΓûüΓûüΓûéΓûéΓûâΓûâΓûäΓûäΓûàΓûàΓûåΓûåΓûçΓûçΓûêΓûêΓûçΓûçΓûåΓûåΓûàΓûàΓûäΓûäΓûâΓûâΓûéΓûéΓûüΓûüΓûüΓûüΓûéΓûéΓûâΓûâΓûäΓûäΓûàΓûàΓûåΓûåΓûçΓûçΓûêΓûêΓûçΓûçΓûåΓûåΓûàΓûàΓûäΓûäΓûâΓûâΓûéΓûéΓûüΓûüΓûüΓûüΓûéΓûéΓûâΓûâ
Releasing an app version ...
[2K[1A[2K[1A[2K[GΓûêΓûçΓûçΓûåΓûåΓûàΓûàΓûäΓûäΓûâΓûâΓûéΓûéΓûüΓûüΓûüΓûüΓûéΓûéΓûâΓûâΓûäΓûäΓûàΓûàΓûåΓûåΓûçΓûçΓûêΓûêΓûçΓûçΓûåΓûåΓûàΓûàΓûäΓûäΓûâΓûâΓûéΓûéΓûüΓûüΓûüΓûüΓûéΓûéΓûâΓûâΓûäΓûäΓûàΓûàΓûåΓûåΓûçΓûçΓûêΓûêΓûçΓûçΓûåΓûåΓûàΓûàΓûäΓûäΓûâΓûâΓûéΓûéΓûüΓûüΓûüΓûüΓûéΓûéΓûâ
Releasing an app version ...
[2K[1A[2K[1A[2K[GΓûêΓûêΓûçΓûçΓûåΓûåΓûàΓûàΓûäΓûäΓûâΓûâΓûéΓûéΓûüΓûüΓûüΓûüΓûéΓûéΓûâΓûâΓûäΓûäΓûàΓûàΓûåΓûåΓûçΓûçΓûêΓûêΓûçΓûçΓûåΓûåΓûàΓûàΓûäΓûäΓûâΓûâΓûéΓûéΓûüΓûüΓûüΓûüΓûéΓûéΓûâΓûâΓûäΓûäΓûàΓûàΓûåΓûåΓûçΓûçΓûêΓûêΓûçΓûçΓûåΓûåΓûàΓûàΓûäΓûäΓûâΓûâΓûéΓûéΓûüΓûüΓûüΓûüΓûéΓûé
Releasing an app version ...
[2K[1A[2K[1A[2K[GΓûçΓûêΓûêΓûçΓûçΓûåΓûåΓûàΓûàΓûäΓûäΓûâΓûâΓûéΓûéΓûüΓûüΓûüΓûüΓûéΓûéΓûâΓûâΓûäΓûäΓûàΓûàΓûåΓûåΓûçΓûçΓûêΓûêΓûçΓûçΓûåΓûåΓûàΓûàΓûäΓûäΓûâΓûâΓûéΓûéΓûüΓûüΓûüΓûüΓûéΓûéΓûâΓûâΓûäΓûäΓûàΓûàΓûåΓûåΓûçΓûçΓûêΓûêΓûçΓûçΓûåΓûåΓûàΓûàΓûäΓûäΓûâΓûâΓûéΓûéΓûüΓûüΓûüΓûüΓûé
Releasing an app version ...
[2K[1A[2K[1A[2K[GΓûçΓûçΓûêΓûêΓûçΓûçΓûåΓûåΓûàΓûàΓûäΓûäΓûâΓûâΓûéΓûéΓûüΓûüΓûüΓûüΓûéΓûéΓûâΓûâΓûäΓûäΓûàΓûàΓûåΓûåΓûçΓûçΓûêΓûêΓûçΓûçΓûåΓûåΓûàΓûàΓûäΓûäΓûâΓûâΓûéΓûéΓûüΓûüΓûüΓûüΓûéΓûéΓûâΓûâΓûäΓûäΓûàΓûàΓûåΓûåΓûçΓûçΓûêΓûêΓûçΓûçΓûåΓûåΓûàΓûàΓûäΓûäΓûâΓûâΓûéΓûéΓûüΓûüΓûüΓûü
Releasing an app version ...
[2K[1A[2K[1A[2K[GΓûåΓûçΓûçΓûêΓûêΓûçΓûçΓûåΓûåΓûàΓûàΓûäΓûäΓûâΓûâΓûéΓûéΓûüΓûüΓûüΓûüΓûéΓûéΓûâΓûâΓûäΓûäΓûàΓûàΓûåΓûåΓûçΓûçΓûêΓûêΓûçΓûçΓûåΓûåΓûàΓûàΓûäΓûäΓûâΓûâΓûéΓûéΓûüΓûüΓûüΓûüΓûéΓûéΓûâΓûâΓûäΓûäΓûàΓûàΓûåΓûåΓûçΓûçΓûêΓûêΓûçΓûçΓûåΓûåΓûàΓûàΓûäΓûäΓûâΓûâΓûéΓûéΓûüΓûüΓûü
Releasing an app version ...
[2K[1A[2K[1A[2K[GΓûåΓûåΓûçΓûçΓûêΓûêΓûçΓûçΓûåΓûåΓûàΓûàΓûäΓûäΓûâΓûâΓûéΓûéΓûüΓûüΓûüΓûüΓûéΓûéΓûâΓûâΓûäΓûäΓûàΓûàΓûåΓûåΓûçΓûçΓûêΓûêΓûçΓûçΓûåΓûåΓûàΓûàΓûäΓûäΓûâΓûâΓûéΓûéΓûüΓûüΓûüΓûüΓûéΓûéΓûâΓûâΓûäΓûäΓûàΓûàΓûåΓûåΓûçΓûçΓûêΓûêΓûçΓûçΓûåΓûåΓûàΓûàΓûäΓûäΓûâΓûâΓûéΓûéΓûüΓûü
Releasing an app version ...
[2K[1A[2K[1A[2K[GΓûàΓûåΓûåΓûçΓûçΓûêΓûêΓûçΓûçΓûåΓûåΓûàΓûàΓûäΓûäΓûâΓûâΓûéΓûéΓûüΓûüΓûüΓûüΓûéΓûéΓûâΓûâΓûäΓûäΓûàΓûàΓûåΓûåΓûçΓûçΓûêΓûêΓûçΓûçΓûåΓûåΓûàΓûàΓûäΓûäΓûâΓûâΓûéΓûéΓûüΓûüΓûüΓûüΓûéΓûéΓûâΓûâΓûäΓûäΓûàΓûàΓûåΓûåΓûçΓûçΓûêΓûêΓûçΓûçΓûåΓûåΓûàΓûàΓûäΓûäΓûâΓûâΓûéΓûéΓûü
Releasing an app version ...
[2K[1A[2K[1A[2K[GΓûàΓûàΓûåΓûåΓûçΓûçΓûêΓûêΓûçΓûçΓûåΓûåΓûàΓûàΓûäΓûäΓûâΓûâΓûéΓûéΓûüΓûüΓûüΓûüΓûéΓûéΓûâΓûâΓûäΓûäΓûàΓûàΓûåΓûåΓûçΓûçΓûêΓûêΓûçΓûçΓûåΓûåΓûàΓûàΓûäΓûäΓûâΓûâΓûéΓûéΓûüΓûüΓûüΓûüΓûéΓûéΓûâΓûâΓûäΓûäΓûàΓûàΓûåΓûåΓûçΓûçΓûêΓûêΓûçΓûçΓûåΓûåΓûàΓûàΓûäΓûäΓûâΓûâΓûéΓûé
Releasing an app version ...
[2K[1A[2K[1A[2K[GΓûäΓûàΓûàΓûåΓûåΓûçΓûçΓûêΓûêΓûçΓûçΓûåΓûåΓûàΓûàΓûäΓûäΓûâΓûâΓûéΓûéΓûüΓûüΓûüΓûüΓûéΓûéΓûâΓûâΓûäΓûäΓûàΓûàΓûåΓûåΓûçΓûçΓûêΓûêΓûçΓûçΓûåΓûåΓûàΓûàΓûäΓûäΓûâΓûâΓûéΓûéΓûüΓûüΓûüΓûüΓûéΓûéΓûâΓûâΓûäΓûäΓûàΓûàΓûåΓûåΓûçΓûçΓûêΓûêΓûçΓûçΓûåΓûåΓûàΓûàΓûäΓûäΓûâΓûâΓûé
Releasing an app version ...
[2K[1A[2K[1A[2K[GΓûäΓûäΓûàΓûàΓûåΓûåΓûçΓûçΓûêΓûêΓûçΓûçΓûåΓûåΓûàΓûàΓûäΓûäΓûâΓûâΓûéΓûéΓûüΓûüΓûüΓûüΓûéΓûéΓûâΓûâΓûäΓûäΓûàΓûàΓûåΓûåΓûçΓûçΓûêΓûêΓûçΓûçΓûåΓûåΓûàΓûàΓûäΓûäΓûâΓûâΓûéΓûéΓûüΓûüΓûüΓûüΓûéΓûéΓûâΓûâΓûäΓûäΓûàΓûàΓûåΓûåΓûçΓûçΓûêΓûêΓûçΓûçΓûåΓûåΓûàΓûàΓûäΓûäΓûâΓûâ
Releasing an app version ...
[2K[1A[2K[1A[2K[GΓûâΓûäΓûäΓûàΓûàΓûåΓûåΓûçΓûçΓûêΓûêΓûçΓûçΓûåΓûåΓûàΓûàΓûäΓûäΓûâΓûâΓûéΓûéΓûüΓûüΓûüΓûüΓûéΓûéΓûâΓûâΓûäΓûäΓûàΓûàΓûåΓûåΓûçΓûçΓûêΓûêΓûçΓûçΓûåΓûåΓûàΓûàΓûäΓûäΓûâΓûâΓûéΓûéΓûüΓûüΓûüΓûüΓûéΓûéΓûâΓûâΓûäΓûäΓûàΓûàΓûåΓûåΓûçΓûçΓûêΓûêΓûçΓûçΓûåΓûåΓûàΓûàΓûäΓûäΓûâ
Releasing an app version ...
[2K[1A[2K[1A[2K[GΓûâΓûâΓûäΓûäΓûàΓûàΓûåΓûåΓûçΓûçΓûêΓûêΓûçΓûçΓûåΓûåΓûàΓûàΓûäΓûäΓûâΓûâΓûéΓûéΓûüΓûüΓûüΓûüΓûéΓûéΓûâΓûâΓûäΓûäΓûàΓûàΓûåΓûåΓûçΓûçΓûêΓûêΓûçΓûçΓûåΓûåΓûàΓûàΓûäΓûäΓûâΓûâΓûéΓûéΓûüΓûüΓûüΓûüΓûéΓûéΓûâΓûâΓûäΓûäΓûàΓûàΓûåΓûåΓûçΓûçΓûêΓûêΓûçΓûçΓûåΓûåΓûàΓûàΓûäΓûä
Releasing an app version ...
[2K[1A[2K[1A[2K[GΓûéΓûâΓûâΓûäΓûäΓûàΓûàΓûåΓûåΓûçΓûçΓûêΓûêΓûçΓûçΓûåΓûåΓûàΓûàΓûäΓûäΓûâΓûâΓûéΓûéΓûüΓûüΓûüΓûüΓûéΓûéΓûâΓûâΓûäΓûäΓûàΓûàΓûåΓûåΓûçΓûçΓûêΓûêΓûçΓûçΓûåΓûåΓûàΓûàΓûäΓûäΓûâΓûâΓûéΓûéΓûüΓûüΓûüΓûüΓûéΓûéΓûâΓûâΓûäΓûäΓûàΓûàΓûåΓûåΓûçΓûçΓûêΓûêΓûçΓûçΓûåΓûåΓûàΓûàΓûä
Releasing an app version ...
[2K[1A[2K[1A[2K[GΓûéΓûéΓûâΓûâΓûäΓûäΓûàΓûàΓûåΓûåΓûçΓûçΓûêΓûêΓûçΓûçΓûåΓûåΓûàΓûàΓûäΓûäΓûâΓûâΓûéΓûéΓûüΓûüΓûüΓûüΓûéΓûéΓûâΓûâΓûäΓûäΓûàΓûàΓûåΓûåΓûçΓûçΓûêΓûêΓûçΓûçΓûåΓûåΓûàΓûàΓûäΓûäΓûâΓûâΓûéΓûéΓûüΓûüΓûüΓûüΓûéΓûéΓûâΓûâΓûäΓûäΓûàΓûàΓûåΓûåΓûçΓûçΓûêΓûêΓûçΓûçΓûåΓûåΓûàΓûà
Releasing an app version ...
[2K[1A[2K[1A[2K[GΓûüΓûéΓûéΓûâΓûâΓûäΓûäΓûàΓûàΓûåΓûåΓûçΓûçΓûêΓûêΓûçΓûçΓûåΓûåΓûàΓûàΓûäΓûäΓûâΓûâΓûéΓûéΓûüΓûüΓûüΓûüΓûéΓûéΓûâΓûâΓûäΓûäΓûàΓûàΓûåΓûåΓûçΓûçΓûêΓûêΓûçΓûçΓûåΓûåΓûàΓûàΓûäΓûäΓûâΓûâΓûéΓûéΓûüΓûüΓûüΓûüΓûéΓûéΓûâΓûâΓûäΓûäΓûàΓûàΓûåΓûåΓûçΓûçΓûêΓûêΓûçΓûçΓûåΓûåΓûà
Releasing an app version ...
[2K[1A[2K[1A[2K[GΓûüΓûüΓûéΓûéΓûâΓûâΓûäΓûäΓûàΓûàΓûåΓûåΓûçΓûçΓûêΓûêΓûçΓûçΓûåΓûåΓûàΓûàΓûäΓûäΓûâΓûâΓûéΓûéΓûüΓûüΓûüΓûüΓûéΓûéΓûâΓûâΓûäΓûäΓûàΓûàΓûåΓûåΓûçΓûçΓûêΓûêΓûçΓûçΓûåΓûåΓûàΓûàΓûäΓûäΓûâΓûâΓûéΓûéΓûüΓûüΓûüΓûüΓûéΓûéΓûâΓûâΓûäΓûäΓûàΓûàΓûåΓûåΓûçΓûçΓûêΓûêΓûçΓûçΓûåΓûå
Releasing an app version ...
[2K[1A[2K[1A[2K[GΓûüΓûüΓûüΓûéΓûéΓûâΓûâΓûäΓûäΓûàΓûàΓûåΓûåΓûçΓûçΓûêΓûêΓûçΓûçΓûåΓûåΓûàΓûàΓûäΓûäΓûâΓûâΓûéΓûéΓûüΓûüΓûüΓûüΓûéΓûéΓûâΓûâΓûäΓûäΓûàΓûàΓûåΓûåΓûçΓûçΓûêΓûêΓûçΓûçΓûåΓûåΓûàΓûàΓûäΓûäΓûâΓûâΓûéΓûéΓûüΓûüΓûüΓûüΓûéΓûéΓûâΓûâΓûäΓûäΓûàΓûàΓûåΓûåΓûçΓûçΓûêΓûêΓûçΓûçΓûå
Releasing an app version ...
[2K[1A[2K[1A[2K[GΓûüΓûüΓûüΓûüΓûéΓûéΓûâΓûâΓûäΓûäΓûàΓûàΓûåΓûåΓûçΓûçΓûêΓûêΓûçΓûçΓûåΓûåΓûàΓûàΓûäΓûäΓûâΓûâΓûéΓûéΓûüΓûüΓûüΓûüΓûéΓûéΓûâΓûâΓûäΓûäΓûàΓûàΓûåΓûåΓûçΓûçΓûêΓûêΓûçΓûçΓûåΓûåΓûàΓûàΓûäΓûäΓûâΓûâΓûéΓûéΓûüΓûüΓûüΓûüΓûéΓûéΓûâΓûâΓûäΓûäΓûàΓûàΓûåΓûåΓûçΓûçΓûêΓûêΓûçΓûç
Releasing an app version ...
[2K[1A[2K[1A[2K[GΓûéΓûüΓûüΓûüΓûüΓûéΓûéΓûâΓûâΓûäΓûäΓûàΓûàΓûåΓûåΓûçΓûçΓûêΓûêΓûçΓûçΓûåΓûåΓûàΓûàΓûäΓûäΓûâΓûâΓûéΓûéΓûüΓûüΓûüΓûüΓûéΓûéΓûâΓûâΓûäΓûäΓûàΓûàΓûåΓûåΓûçΓûçΓûêΓûêΓûçΓûçΓûåΓûåΓûàΓûàΓûäΓûäΓûâΓûâΓûéΓûéΓûüΓûüΓûüΓûüΓûéΓûéΓûâΓûâΓûäΓûäΓûàΓûàΓûåΓûåΓûçΓûçΓûêΓûêΓûç
Releasing an app version ...
[2K[1A[2K[1A[2K[GΓûéΓûéΓûüΓûüΓûüΓûüΓûéΓûéΓûâΓûâΓûäΓûäΓûàΓûàΓûåΓûåΓûçΓûçΓûêΓûêΓûçΓûçΓûåΓûåΓûàΓûàΓûäΓûäΓûâΓûâΓûéΓûéΓûüΓûüΓûüΓûüΓûéΓûéΓûâΓûâΓûäΓûäΓûàΓûàΓûåΓûåΓûçΓûçΓûêΓûêΓûçΓûçΓûåΓûåΓûàΓûàΓûäΓûäΓûâΓûâΓûéΓûéΓûüΓûüΓûüΓûüΓûéΓûéΓûâΓûâΓûäΓûäΓûàΓûàΓûåΓûåΓûçΓûçΓûêΓûê
Releasing an app version ...
[2K[1A[2K[1A[2K[GΓûâΓûéΓûéΓûüΓûüΓûüΓûüΓûéΓûéΓûâΓûâΓûäΓûäΓûàΓûàΓûåΓûåΓûçΓûçΓûêΓûêΓûçΓûçΓûåΓûåΓûàΓûàΓûäΓûäΓûâΓûâΓûéΓûéΓûüΓûüΓûüΓûüΓûéΓûéΓûâΓûâΓûäΓûäΓûàΓûàΓûåΓûåΓûçΓûçΓûêΓûêΓûçΓûçΓûåΓûåΓûàΓûàΓûäΓûäΓûâΓûâΓûéΓûéΓûüΓûüΓûüΓûüΓûéΓûéΓûâΓûâΓûäΓûäΓûàΓûàΓûåΓûåΓûçΓûçΓûê
Releasing an app version ...
[2K[1A[2K[1A[2K[GΓûâΓûâΓûéΓûéΓûüΓûüΓûüΓûüΓûéΓûéΓûâΓûâΓûäΓûäΓûàΓûàΓûåΓûåΓûçΓûçΓûêΓûêΓûçΓûçΓûåΓûåΓûàΓûàΓûäΓûäΓûâΓûâΓûéΓûéΓûüΓûüΓûüΓûüΓûéΓûéΓûâΓûâΓûäΓûäΓûàΓûàΓûåΓûåΓûçΓûçΓûêΓûêΓûçΓûçΓûåΓûåΓûàΓûàΓûäΓûäΓûâΓûâΓûéΓûéΓûüΓûüΓûüΓûüΓûéΓûéΓûâΓûâΓûäΓûäΓûàΓûàΓûåΓûåΓûçΓûç
Releasing an app version ...
[2K[1A[2K[1A[2K[GΓûäΓûâΓûâΓûéΓûéΓûüΓûüΓûüΓûüΓûéΓûéΓûâΓûâΓûäΓûäΓûàΓûàΓûåΓûåΓûçΓûçΓûêΓûêΓûçΓûçΓûåΓûåΓûàΓûàΓûäΓûäΓûâΓûâΓûéΓûéΓûüΓûüΓûüΓûüΓûéΓûéΓûâΓûâΓûäΓûäΓûàΓûàΓûåΓûåΓûçΓûçΓûêΓûêΓûçΓûçΓûåΓûåΓûàΓûàΓûäΓûäΓûâΓûâΓûéΓûéΓûüΓûüΓûüΓûüΓûéΓûéΓûâΓûâΓûäΓûäΓûàΓûàΓûåΓûåΓûç
Releasing an app version ...
[2K[1A[2K[1A[2K[GΓûäΓûäΓûâΓûâΓûéΓûéΓûüΓûüΓûüΓûüΓûéΓûéΓûâΓûâΓûäΓûäΓûàΓûàΓûåΓûåΓûçΓûçΓûêΓûêΓûçΓûçΓûåΓûåΓûàΓûàΓûäΓûäΓûâΓûâΓûéΓûéΓûüΓûüΓûüΓûüΓûéΓûéΓûâΓûâΓûäΓûäΓûàΓûàΓûåΓûåΓûçΓûçΓûêΓûêΓûçΓûçΓûåΓûåΓûàΓûàΓûäΓûäΓûâΓûâΓûéΓûéΓûüΓûüΓûüΓûüΓûéΓûéΓûâΓûâΓûäΓûäΓûàΓûàΓûåΓûå
Releasing an app version ...
[2K[1A[2K[1A[2K[GΓûàΓûäΓûäΓûâΓûâΓûéΓûéΓûüΓûüΓûüΓûüΓûéΓûéΓûâΓûâΓûäΓûäΓûàΓûàΓûåΓûåΓûçΓûçΓûêΓûêΓûçΓûçΓûåΓûåΓûàΓûàΓûäΓûäΓûâΓûâΓûéΓûéΓûüΓûüΓûüΓûüΓûéΓûéΓûâΓûâΓûäΓûäΓûàΓûàΓûåΓûåΓûçΓûçΓûêΓûêΓûçΓûçΓûåΓûåΓûàΓûàΓûäΓûäΓûâΓûâΓûéΓûéΓûüΓûüΓûüΓûüΓûéΓûéΓûâΓûâΓûäΓûäΓûàΓûàΓûå
Releasing an app version ...
[2K[1A[2K[1A[2K[GΓûàΓûàΓûäΓûäΓûâΓûâΓûéΓûéΓûüΓûüΓûüΓûüΓûéΓûéΓûâΓûâΓûäΓûäΓûàΓûàΓûåΓûåΓûçΓûçΓûêΓûêΓûçΓûçΓûåΓûåΓûàΓûàΓûäΓûäΓûâΓûâΓûéΓûéΓûüΓûüΓûüΓûüΓûéΓûéΓûâΓûâΓûäΓûäΓûàΓûàΓûåΓûåΓûçΓûçΓûêΓûêΓûçΓûçΓûåΓûåΓûàΓûàΓûäΓûäΓûâΓûâΓûéΓûéΓûüΓûüΓûüΓûüΓûéΓûéΓûâΓûâΓûäΓûäΓûàΓûà
Releasing an app version ...
[2K[1A[2K[1A[2K[GΓûåΓûàΓûàΓûäΓûäΓûâΓûâΓûéΓûéΓûüΓûüΓûüΓûüΓûéΓûéΓûâΓûâΓûäΓûäΓûàΓûàΓûåΓûåΓûçΓûçΓûêΓûêΓûçΓûçΓûåΓûåΓûàΓûàΓûäΓûäΓûâΓûâΓûéΓûéΓûüΓûüΓûüΓûüΓûéΓûéΓûâΓûâΓûäΓûäΓûàΓûàΓûåΓûåΓûçΓûçΓûêΓûêΓûçΓûçΓûåΓûåΓûàΓûàΓûäΓûäΓûâΓûâΓûéΓûéΓûüΓûüΓûüΓûüΓûéΓûéΓûâΓûâΓûäΓûäΓûà
Releasing an app version ...
[2K[1A[2K[1A[2K[GΓûåΓûåΓûàΓûàΓûäΓûäΓûâΓûâΓûéΓûéΓûüΓûüΓûüΓûüΓûéΓûéΓûâΓûâΓûäΓûäΓûàΓûàΓûåΓûåΓûçΓûçΓûêΓûêΓûçΓûçΓûåΓûåΓûàΓûàΓûäΓûäΓûâΓûâΓûéΓûéΓûüΓûüΓûüΓûüΓûéΓûéΓûâΓûâΓûäΓûäΓûàΓûàΓûåΓûåΓûçΓûçΓûêΓûêΓûçΓûçΓûåΓûåΓûàΓûàΓûäΓûäΓûâΓûâΓûéΓûéΓûüΓûüΓûüΓûüΓûéΓûéΓûâΓûâΓûäΓûä
Releasing an app version ...
[2K[1A[2K[1A[2K[GΓûçΓûåΓûåΓûàΓûàΓûäΓûäΓûâΓûâΓûéΓûéΓûüΓûüΓûüΓûüΓûéΓûéΓûâΓûâΓûäΓûäΓûàΓûàΓûåΓûåΓûçΓûçΓûêΓûêΓûçΓûçΓûåΓûåΓûàΓûàΓûäΓûäΓûâΓûâΓûéΓûéΓûüΓûüΓûüΓûüΓûéΓûéΓûâΓûâΓûäΓûäΓûàΓûàΓûåΓûåΓûçΓûçΓûêΓûêΓûçΓûçΓûåΓûåΓûàΓûàΓûäΓûäΓûâΓûâΓûéΓûéΓûüΓûüΓûüΓûüΓûéΓûéΓûâΓûâΓûä
Releasing an app version ...
[2K[1A[2K[1A[2K[GΓûçΓûçΓûåΓûåΓûàΓûàΓûäΓûäΓûâΓûâΓûéΓûéΓûüΓûüΓûüΓûüΓûéΓûéΓûâΓûâΓûäΓûäΓûàΓûàΓûåΓûåΓûçΓûçΓûêΓûêΓûçΓûçΓûåΓûåΓûàΓûàΓûäΓûäΓûâΓûâΓûéΓûéΓûüΓûüΓûüΓûüΓûéΓûéΓûâΓûâΓûäΓûäΓûàΓûàΓûåΓûåΓûçΓûçΓûêΓûêΓûçΓûçΓûåΓûåΓûàΓûàΓûäΓûäΓûâΓûâΓûéΓûéΓûüΓûüΓûüΓûüΓûéΓûéΓûâΓûâ
Releasing an app version ...
[2K[1A[2K[1A[2K[GΓûêΓûçΓûçΓûåΓûåΓûàΓûàΓûäΓûäΓûâΓûâΓûéΓûéΓûüΓûüΓûüΓûüΓûéΓûéΓûâΓûâΓûäΓûäΓûàΓûàΓûåΓûåΓûçΓûçΓûêΓûêΓûçΓûçΓûåΓûåΓûàΓûàΓûäΓûäΓûâΓûâΓûéΓûéΓûüΓûüΓûüΓûüΓûéΓûéΓûâΓûâΓûäΓûäΓûàΓûàΓûåΓûåΓûçΓûçΓûêΓûêΓûçΓûçΓûåΓûåΓûàΓûàΓûäΓûäΓûâΓûâΓûéΓûéΓûüΓûüΓûüΓûüΓûéΓûéΓûâ
Releasing an app version ...
[2K[1A[2K[1A[2K[G
Γò¡ΓöÇ error ΓöÇΓöÇΓöÇΓöÇΓöÇΓöÇΓöÇΓöÇΓöÇΓöÇΓöÇΓöÇΓöÇΓöÇΓöÇΓöÇΓöÇΓöÇΓöÇΓöÇΓöÇΓöÇΓöÇΓöÇΓöÇΓöÇΓöÇΓöÇΓöÇΓöÇΓöÇΓöÇΓöÇΓöÇΓöÇΓöÇΓöÇΓöÇΓöÇΓöÇΓöÇΓöÇΓöÇΓöÇΓöÇΓöÇΓöÇΓöÇΓöÇΓöÇΓöÇΓöÇΓöÇΓöÇΓöÇΓöÇΓöÇΓöÇΓöÇΓöÇΓöÇΓöÇΓöÇΓöÇΓöÇΓöÇΓöÇΓöÇΓöÇΓöÇΓò«
Γöé                                                                              Γöé
Γöé  Version couldn't be created.                                                Γöé
Γöé                                                                              Γöé
Γöé  dh-tracking-pixel                                                           Γöé
Γöé                                                                              Γöé
Γöé  Validation errors                                                           Γöé
Γöé    ΓÇó base: Missing expected key(s).                                          Γöé
Γöé                                                                              Γöé
Γò░ΓöÇΓöÇΓöÇΓöÇΓöÇΓöÇΓöÇΓöÇΓöÇΓöÇΓöÇΓöÇΓöÇΓöÇΓöÇΓöÇΓöÇΓöÇΓöÇΓöÇΓöÇΓöÇΓöÇΓöÇΓöÇΓöÇΓöÇΓöÇΓöÇΓöÇΓöÇΓöÇΓöÇΓöÇΓöÇΓöÇΓöÇΓöÇΓöÇΓöÇΓöÇΓöÇΓöÇΓöÇΓöÇΓöÇΓöÇΓöÇΓöÇΓöÇΓöÇΓöÇΓöÇΓöÇΓöÇΓöÇΓöÇΓöÇΓöÇΓöÇΓöÇΓöÇΓöÇΓöÇΓöÇΓöÇΓöÇΓöÇΓöÇΓöÇΓöÇΓöÇΓöÇΓöÇΓöÇΓöÇΓöÇΓöÇΓò»

