Γò¡ΓöÇ info ΓöÇΓöÇΓöÇΓöÇΓöÇΓöÇΓöÇΓöÇΓöÇΓöÇΓöÇΓöÇΓöÇΓöÇΓöÇΓöÇΓöÇΓöÇΓöÇΓöÇΓöÇΓöÇΓöÇΓöÇΓöÇΓöÇΓöÇΓöÇΓöÇΓöÇΓöÇΓöÇΓöÇΓöÇΓöÇΓöÇΓöÇΓöÇΓöÇΓöÇΓöÇΓöÇΓöÇΓöÇΓöÇΓöÇΓöÇΓöÇΓöÇΓöÇΓöÇΓöÇΓöÇΓöÇΓöÇΓöÇΓöÇΓöÇΓöÇΓöÇΓöÇΓöÇΓöÇΓöÇΓöÇΓöÇΓöÇΓöÇΓöÇΓöÇΓöÇΓò«
Γöé                                                                              Γöé
Γöé  Using .env for default values:                                              Γöé
Γöé                                                                              Γöé
Γöé    ΓÇó Org:             Data Hatches Tracking App                              Γöé
Γöé    ΓÇó App:             DH_New19                                               Γöé
Γöé                                                                              Γöé
Γöé   You can pass `--reset` to your command to reset your app configuration.    Γöé
Γöé                                                                              Γöé
Γò░ΓöÇΓöÇΓöÇΓöÇΓöÇΓöÇΓöÇΓöÇΓöÇΓöÇΓöÇΓöÇΓöÇΓöÇΓöÇΓöÇΓöÇΓöÇΓöÇΓöÇΓöÇΓöÇΓöÇΓöÇΓöÇΓöÇΓöÇΓöÇΓöÇΓöÇΓöÇΓöÇΓöÇΓöÇΓöÇΓöÇΓöÇΓöÇΓöÇΓöÇΓöÇΓöÇΓöÇΓöÇΓöÇΓöÇΓöÇΓöÇΓöÇΓöÇΓöÇΓöÇΓöÇΓöÇΓöÇΓöÇΓöÇΓöÇΓöÇΓöÇΓöÇΓöÇΓöÇΓöÇΓöÇΓöÇΓöÇΓöÇΓöÇΓöÇΓöÇΓöÇΓöÇΓöÇΓöÇΓöÇΓöÇΓöÇΓò»


Releasing a new app version as part of DH_New19

dh-tracking-pixel Γöé Bundling UI extension dh-tracking-pixel...

[2K[1A[2K[Gdh-tracking-pixel Γöé dh-tracking-pixel successfully built

ΓûüΓûüΓûéΓûéΓûâΓûâΓûäΓûäΓûàΓûàΓûåΓûåΓûçΓûçΓûêΓûêΓûçΓûçΓûåΓûåΓûàΓûàΓûäΓûäΓûâΓûâΓûéΓûéΓûüΓûüΓûüΓûüΓûéΓûéΓûâΓûâΓûäΓûäΓûàΓûàΓûåΓûåΓûçΓûçΓûêΓûêΓûçΓûçΓûåΓûåΓûàΓûàΓûäΓûäΓûâΓûâΓûéΓûéΓûüΓûüΓûüΓûüΓûéΓûéΓûâΓûâΓûäΓûäΓûàΓûàΓûåΓûåΓûçΓûçΓûêΓûêΓûçΓûçΓûåΓûå
ΓûàΓûàΓûäΓûäΓûâΓûâΓûéΓûéΓûüΓûü
Running validation ...
Γò¡ΓöÇ error ΓöÇΓöÇΓöÇΓöÇΓöÇΓöÇΓöÇΓöÇΓöÇΓöÇΓöÇΓöÇΓöÇΓöÇΓöÇΓöÇΓöÇΓöÇΓöÇΓöÇΓöÇΓöÇΓöÇΓöÇΓöÇΓöÇΓöÇΓöÇΓöÇΓöÇΓöÇΓöÇΓöÇΓöÇΓöÇΓöÇΓöÇΓöÇΓöÇΓöÇΓöÇΓöÇΓöÇΓöÇΓöÇΓöÇΓöÇΓöÇΓöÇΓöÇΓöÇΓöÇΓöÇΓöÇΓöÇΓöÇΓöÇΓöÇΓöÇΓöÇΓöÇΓöÇΓöÇΓöÇΓöÇΓöÇΓöÇΓöÇΓöÇΓöÇΓò«
Γöé                                                                              Γöé
Γöé  The property configuration is deprecated and no longer supported.           Γöé
Γöé                                                                              Γöé
Γöé  It has been replaced by settings.                                           Γöé
Γöé                                                                              Γöé
Γò░ΓöÇΓöÇΓöÇΓöÇΓöÇΓöÇΓöÇΓöÇΓöÇΓöÇΓöÇΓöÇΓöÇΓöÇΓöÇΓöÇΓöÇΓöÇΓöÇΓöÇΓöÇΓöÇΓöÇΓöÇΓöÇΓöÇΓöÇΓöÇΓöÇΓöÇΓöÇΓöÇΓöÇΓöÇΓöÇΓöÇΓöÇΓöÇΓöÇΓöÇΓöÇΓöÇΓöÇΓöÇΓöÇΓöÇΓöÇΓöÇΓöÇΓöÇΓöÇΓöÇΓöÇΓöÇΓöÇΓöÇΓöÇΓöÇΓöÇΓöÇΓöÇΓöÇΓöÇΓöÇΓöÇΓöÇΓöÇΓöÇΓöÇΓöÇΓöÇΓöÇΓöÇΓöÇΓöÇΓöÇΓöÇΓöÇΓò»

[2K[1A[2K[1A[2K[1A[2K[GΓûüΓûüΓûüΓûéΓûéΓûâΓûâΓûäΓûäΓûàΓûàΓûåΓûåΓûçΓûçΓûêΓûêΓûçΓûçΓûåΓûåΓûàΓûàΓûäΓûäΓûâΓûâΓûéΓûéΓûüΓûüΓûüΓûüΓûéΓûéΓûâΓûâΓûäΓûäΓûàΓûàΓûåΓûåΓûçΓûçΓûêΓûêΓûçΓûçΓûåΓûåΓûàΓûàΓûäΓûäΓûâΓûâΓûéΓûéΓûüΓûüΓûüΓûüΓûéΓûéΓûâΓûâΓûäΓûäΓûàΓûàΓûåΓûåΓûçΓûçΓûêΓûêΓûçΓûçΓûå
Releasing an app version ...
